4029128112028913|09|2041|898 | Your card number is incorrect.
4036084551461886|11|2036|599 | Your card number is incorrect.
5767777893724885|12|2034|177 | Your card number is incorrect.
4188707787279476|09|2029|655 | PM failed: HTTP 400 - {
  "error": {
    "code": "card_declined",
    "decline_code": "card
4260580859154732|02|2039|589 | Your card number is incorrect.
4168609286948672|06|2034|880 | Failed to register account
4864804218398024|04|2040|697 | Your card number is incorrect.
4355783690325281|06|2027|481 | Your card's security code is incorrect.
4609864841982982|06|2029|544 | Your card number is incorrect.
4325732164742437|09|2032|556 | Your card number is incorrect.
4029128112028913|09|41|898 | Your card number is incorrect.
4036084551461886|11|36|599 | Your card number is incorrect.
5767777893724885|12|34|177 | Your card number is incorrect.
4188707787279476|09|29|655 | PM failed: HTTP 400 - {
  "error": {
    "code": "card_declined",
    "decline_code": "card
4260580859154732|02|39|589 | Your card number is incorrect.
4168609286948672|06|34|880 | Failed to get add payment page
4864804218398024|04|40|697 | Failed to init session
4355783690325281|06|27|481 | Failed to init session
4029128112028913|09|41|898 | Failed to init session
